<html>
<body>
<pre>
<h1>µVision Build Log</h1>
<h2>Project:</h2>
C:\Keil\Labware\XO project\SpaceInvaders.uvproj
Project File Date:  06/15/2019

<h2>Output:</h2>
Build target 'SpaceInvaders'
linking...
Program Size: Code=5316 RO-data=3152 RW-data=76 ZI-data=1692  
".\SpaceInvaders.axf" - 0 Error(s), 0 Warning(s).
</pre>
</body>
</html>
).
compiling SpaceInvaders.c...
"SpaceInvaders.c" - 0 Error(s), 0 Warning(s).
compiling SpaceInvaders.c...
"SpaceInvaders.c" - 0 Error(s), 0 Warning(s).
Error: Could not load file 'C:\Keil\Labware\XO project\SpaceInvaders.axf'. Debugger aborted !
bugger aborted !
